// 重构日志: c6a989ab
// 重构日志: 2328d6f1
// 重构日志: 9fd1ee10
// 同步 ID: 5b3da773 @ Sat Jul 18 12:18:06 UTC 2026
// 同步 ID: db693eb5 @ Sat Jul 18 23:29:30 UTC 2026
// 重构日志: bfe5ff46
// 重构日志: c4973ae6
// 重构日志: 2bbb7551
// 重构日志: 164233c1
// 同步 ID: ff773737 @ Sun Jul 26 12:36:39 UTC 2026
// 重构日志: a3f8cdf6
// 重构日志: a4d5cfec
// 同步 ID: 1414d22a @ Tue Jul 28 23:22:50 UTC 2026
// 重构日志: 97fa98d3
// 重构日志: 699b31a5
// 重构日志: 759760e6
// 重构日志: c79459ee
// 重构日志: 68271942
// 重构日志: b8eed196
// 同步 ID: bf4670db @ Fri Jul 31 04:50:49 UTC 2026
// 同步 ID: 20c6b24d @ Fri Jul 31 08:47:53 UTC 2026
// 重构日志: fa7db686
// 同步 ID: 481157ce @ Sat Aug  1 20:13:24 UTC 2026
// 重构日志: 542a5360
// 同步 ID: cb155c49 @ Wed Aug  5 10:26:27 UTC 2026
// 重构日志: 134463c6
// 重构日志: 9fd264e9
// 同步 ID: 627ac466 @ Thu Aug  6 04:22:11 UTC 2026
// 重构日志: aa3a6620
// 同步 ID: c98c2269 @ Thu Aug  6 10:25:06 UTC 2026
